// Jest Snapshot v1, https://goo.gl/fbAQLP

exports[`AppView Should be render correctly 1`] = `"<div class=\\"page__wrapper\\"><section class=\\"search\\"><label class=\\"search__label\\" for=\\"search-box\\"><input class=\\"search__box\\" placeholder=\\"Search...\\" type=\\"text\\" id=\\"search-box\\"></label></section><section class=\\"clip\\"><ul class=\\"clip__list\\"><li class=\\"clip__item\\"><div class=\\"clip__wrapper\\"><img class=\\"clip__image\\" src=\\"https://i.ytimg.com/vi/McEFWLpZrnI/mqdefault.jpg\\" alt=\\"Exhaust worth Rs. 70,000 is now wasted?\\" width=\\"320\\"><h2 class=\\"clip__title\\"><a class=\\"clip__link\\" href=\\"https://www.youtube.com/watch?v=McEFWLpZrnI\\" target=\\"_blank\\">Exhaust worth Rs. 70,000 is now wasted?</a></h2><div class=\\"clip__info\\"><p class=\\"clip__channel-title\\">JS Films</p><time class=\\"clip__date\\" datetime=\\"2019-05-18T03:30:00.000Z\\">2019-05-18</time><p class=\\"clip__view-count\\">223373</p></div><p class=\\"clip__description\\">Get my Sunglasses from EyewearLabs: https://goo.gl/8oZwgH↵↵***Buy my MERCHANDISE***: https://bit.ly/,2DedHWW↵↵OFFICIAL WEBSITE: https://jaysnnation.com...</p></div></li><li class=\\"clip__item\\"><div class=\\"clip__wrapper\\"><img class=\\"clip__image\\" src=\\"https://i.ytimg.com/vi/nub1KpCQmWk/mqdefault.jpg\\" alt=\\"Уроки JavaScript Практика #7 Анимация в js\\" width=\\"320\\"><h2 class=\\"clip__title\\"><a class=\\"clip__link\\" href=\\"https://www.youtube.com/watch?v=nub1KpCQmWk\\" target=\\"_blank\\">Уроки JavaScript Практика #7 Анимация в js</a></h2><div class=\\"clip__info\\"><p class=\\"clip__channel-title\\">Web Developer Blog</p><time class=\\"clip__date\\" datetime=\\"2016-12-19T22:29:14.000Z\\">2016-12-19</time><p class=\\"clip__view-count\\">32468</p></div><p class=\\"clip__description\\">В этом уроке мы подробно разберем один из видов анимации в  языке программирования javascript.↵Ссылка на информацию: https://learn.javascript.ru/js-an...</p></div></li><li class=\\"clip__item\\"><div class=\\"clip__wrapper\\"><img class=\\"clip__image\\" src=\\"https://i.ytimg.com/vi/B7-yxJK3sfw/mqdefault.jpg\\" alt=\\"Зачем нужен Node js. Фреймворки Meteor, Expre...\\" width=\\"320\\"><h2 class=\\"clip__title\\"><a class=\\"clip__link\\" href=\\"https://www.youtube.com/watch?v=B7-yxJK3sfw\\" target=\\"_blank\\">Зачем нужен Node js. Фреймворки Meteor, Expre...</a></h2><div class=\\"clip__info\\"><p class=\\"clip__channel-title\\">Web Developer Blog</p><time class=\\"clip__date\\" datetime=\\"2018-08-03T13:57:13.000Z\\">2018-08-03</time><p class=\\"clip__view-count\\">16302</p></div><p class=\\"clip__description\\">В этом видео мы разберем частый вопрос от начинающих зачем нужен Node js. Ведь новички до конца не понимают как Node js используется в проектах, за сч...</p></div></li></ul></section></div>"`;
